#
# There is insufficient memory for the Java Runtime Environment to continue.
# Native memory allocation (malloc) failed to allocate 1048576 bytes. Error detail: AllocateHeap
# Possible reasons:
#   The system is out of physical RAM or swap space
#   This process is running with CompressedOops enabled, and the Java Heap may be blocking the growth of the native heap
# Possible solutions:
#   Reduce memory load on the system
#   Increase physical memory or swap space
#   Check if swap backing store is full
#   Decrease Java heap size (-Xmx/-Xms)
#   Decrease number of Java threads
#   Decrease Java thread stack sizes (-Xss)
#   Set larger code cache with -XX:ReservedCodeCacheSize=
#   JVM is running with Unscaled Compressed Oops mode in which the Java heap is
#     placed in the first 4GB address space. The Java Heap base address is the
#     maximum limit for the native heap growth. Please use -XX:HeapBaseMinAddress
#     to set the Java Heap base and to place the Java Heap above 4GB virtual address.
# This output file may be truncated or incomplete.
#
#  Out of Memory Error (allocation.cpp:44), pid=31328, tid=25376
#
# JRE version: OpenJDK Runtime Environment Temurin-21.0.10+7 (21.0.10+7) (build 21.0.10+7-LTS)
# Java VM: OpenJDK 64-Bit Server VM Temurin-21.0.10+7 (21.0.10+7-LTS, mixed mode, sharing, tiered, compressed oops, compressed class ptrs, parallel gc, windows-amd64)
# No core dump will be written. Minidumps are not enabled by default on client versions of Windows
#

---------------  S U M M A R Y ------------

Command Line: --add-modules=ALL-SYSTEM --add-opens=java.base/java.util=ALL-UNNAMED --add-opens=java.base/java.lang=ALL-UNNAMED --add-opens=java.base/sun.nio.fs=ALL-UNNAMED -Declipse.application=org.eclipse.jdt.ls.core.id1 -Dosgi.bundles.defaultStartLevel=4 -Declipse.product=org.eclipse.jdt.ls.core.product -Djava.import.generatesMetadataFilesAtProjectRoot=false -DDetectVMInstallationsJob.disabled=true -Dfile.encoding=utf8 -XX:+UseParallelGC -XX:GCTimeRatio=4 -XX:AdaptiveSizePolicyWeight=90 -Dsun.zip.disableMemoryMapping=true -Xmx2G -Xms100m -Xlog:disable -javaagent:c:\Users\kkong\.vscode\extensions\redhat.java-1.53.0-win32-x64\lombok\lombok-1.18.39-4050.jar -XX:+HeapDumpOnOutOfMemoryError -XX:HeapDumpPath=c:\Users\kkong\AppData\Roaming\Code\User\workspaceStorage\1e71e3c7531550fc584c38001fd72c97\redhat.java -Daether.dependencyCollector.impl=bf c:\Users\kkong\.vscode\extensions\redhat.java-1.53.0-win32-x64\server\plugins\org.eclipse.equinox.launcher_1.7.100.v20251111-0406.jar -configuration c:\Users\kkong\AppData\Roaming\Code\User\globalStorage\redhat.java\1.53.0\config_win -data c:\Users\kkong\AppData\Roaming\Code\User\workspaceStorage\1e71e3c7531550fc584c38001fd72c97\redhat.java\jdt_ws --pipe=\\.\pipe\lsp-5a219b39c4da317d1bb93cd427d6ab92-sock

Host: Intel(R) Core(TM) i7-10750H CPU @ 2.60GHz, 12 cores, 7G,  Windows 11 , 64 bit Build 22621 (10.0.22621.5415)
Time: Thu Mar 26 14:28:12 2026 Romance Standard Time elapsed time: 25022.359376 seconds (0d 6h 57m 2s)

---------------  T H R E A D  ---------------

Current thread (0x000001791632a670):  JavaThread "Attach Listener" daemon [_thread_in_vm, id=25376, stack(0x0000006376900000,0x0000006376a00000) (1024K)]

Stack: [0x0000006376900000,0x0000006376a00000]
Native frames: (J=compiled Java code, j=interpreted, Vv=VM code, C=native code)
V  [jvm.dll+0x6d7a39]
V  [jvm.dll+0x8b4b26]
V  [jvm.dll+0x8b70de]
V  [jvm.dll+0x8b77c3]
V  [jvm.dll+0x284346]
V  [jvm.dll+0xc1277]
V  [jvm.dll+0x6d82e9]
V  [jvm.dll+0x1334a6]
V  [jvm.dll+0x3f857e]
V  [jvm.dll+0x85f59d]
V  [jvm.dll+0x6d626d]
C  [ucrtbase.dll+0x29333]
C  [KERNEL32.DLL+0x1259d]
C  [ntdll.dll+0x5af78]


---------------  P R O C E S S  ---------------

Threads class SMR info:
_java_thread_list=0x0000017961f5d250, length=55, elements={
0x000001797b4d1f40, 0x000001797d966c70, 0x000001797d9686e0, 0x0000017916326610,
0x000001791632a670, 0x000001791632bf10, 0x0000017916335380, 0x000001797d96c4a0,
0x000001797d96d540, 0x0000017958ac50c0, 0x0000017958ac6b00, 0x0000017958ac6470,
0x0000017958ac43a0, 0x0000017958ac5de0, 0x0000017958ac4a30, 0x0000017958ac5750,
0x0000017958ac7190, 0x0000017958ac3d10, 0x0000017958a78500, 0x0000017958a7e770,
0x0000017958a7e0e0, 0x0000017958a79f40, 0x0000017958a7a5d0, 0x0000017958a78b90,
0x0000017958a777e0, 0x0000017958a7b2f0, 0x0000017958a7b980, 0x0000017958a77e70,
0x0000017958a7c6a0, 0x0000017958a7ee00, 0x0000017958a7d3c0, 0x000001796076de00,
0x0000017960766e70, 0x000001796076e490, 0x000001796076bd30, 0x0000017960767500,
0x0000017960bfe5d0, 0x0000017960bfa430, 0x0000017960bff2f0, 0x0000017960bf9da0,
0x00000179612e1c50, 0x00000179612e0210, 0x00000179612e3690, 0x00000179612e08a0,
0x00000179612dc700, 0x00000179612e3d20, 0x000001795fc86720, 0x000001795fc89ba0,
0x000001795fc8d020, 0x000001795fc8b5e0, 0x000001795fc8c300, 0x000001795fc86db0,
0x000001795fc8d6b0, 0x000001795fc87440, 0x000001795fc86090
}

Java Threads: ( => current thread )
  0x000001797b4d1f40 JavaThread "main"                              [_thread_blocked, id=10028, stack(0x0000006376200000,0x0000006376300000) (1024K)]
  0x000001797d966c70 JavaThread "Reference Handler"          daemon [_thread_blocked, id=616, stack(0x0000006376600000,0x0000006376700000) (1024K)]
  0x000001797d9686e0 JavaThread "Finalizer"                  daemon [_thread_blocked, id=26264, stack(0x0000006376700000,0x0000006376800000) (1024K)]
  0x0000017916326610 JavaThread "Signal Dispatcher"          daemon [_thread_blocked, id=20632, stack(0x0000006376800000,0x0000006376900000) (1024K)]
=>0x000001791632a670 JavaThread "Attach Listener"            daemon [_thread_in_vm, id=25376, stack(0x0000006376900000,0x0000006376a00000) (1024K)]
  0x000001791632bf10 JavaThread "Service Thread"             daemon [_thread_blocked, id=25904, stack(0x0000006376a00000,0x0000006376b00000) (1024K)]
  0x0000017916335380 JavaThread "Monitor Deflation Thread"   daemon [_thread_blocked, id=3352, stack(0x0000006376b00000,0x0000006376c00000) (1024K)]
  0x000001797d96c4a0 JavaThread "C2 CompilerThread0"         daemon [_thread_blocked, id=21396, stack(0x0000006376c00000,0x0000006376d00000) (1024K)]
  0x000001797d96d540 JavaThread "C1 CompilerThread0"         daemon [_thread_blocked, id=26808, stack(0x0000006376d00000,0x0000006376e00000) (1024K)]
  0x0000017958ac50c0 JavaThread "Common-Cleaner"             daemon [_thread_blocked, id=23024, stack(0x0000006376e00000,0x0000006376f00000) (1024K)]
  0x0000017958ac6b00 JavaThread "Notification Thread"        daemon [_thread_blocked, id=24624, stack(0x0000006376f00000,0x0000006377000000) (1024K)]
  0x0000017958ac6470 JavaThread "Active Thread: Equinox Container: d088fd2c-0b9a-4d48-bc3d-80b47183b270"        [_thread_blocked, id=16120, stack(0x0000006377600000,0x0000006377700000) (1024K)]
  0x0000017958ac43a0 JavaThread "Refresh Thread: Equinox Container: d088fd2c-0b9a-4d48-bc3d-80b47183b270" daemon [_thread_blocked, id=30676, stack(0x0000006377900000,0x0000006377a00000) (1024K)]
  0x0000017958ac5de0 JavaThread "Framework Event Dispatcher: Equinox Container: d088fd2c-0b9a-4d48-bc3d-80b47183b270" daemon [_thread_blocked, id=30424, stack(0x0000006377a00000,0x0000006377b00000) (1024K)]
  0x0000017958ac4a30 JavaThread "Start Level: Equinox Container: d088fd2c-0b9a-4d48-bc3d-80b47183b270" daemon [_thread_blocked, id=24136, stack(0x0000006377800000,0x0000006377900000) (1024K)]
  0x0000017958ac5750 JavaThread "Bundle File Closer"         daemon [_thread_blocked, id=27724, stack(0x0000006377e00000,0x0000006377f00000) (1024K)]
  0x0000017958ac7190 JavaThread "SCR Component Actor"        daemon [_thread_blocked, id=25368, stack(0x0000006377d00000,0x0000006377e00000) (1024K)]
  0x0000017958ac3d10 JavaThread "Worker-JM"                         [_thread_blocked, id=14500, stack(0x0000006378100000,0x0000006378200000) (1024K)]
  0x0000017958a78500 JavaThread "JNA Cleaner"                daemon [_thread_blocked, id=18636, stack(0x0000006377f00000,0x0000006378000000) (1024K)]
  0x0000017958a7e770 JavaThread "Java indexing"              daemon [_thread_blocked, id=27436, stack(0x0000006378500000,0x0000006378600000) (1024K)]
  0x0000017958a7e0e0 JavaThread "Thread-1"                   daemon [_thread_in_native, id=9732, stack(0x0000006378900000,0x0000006378a00000) (1024K)]
  0x0000017958a79f40 JavaThread "Thread-2"                   daemon [_thread_in_native, id=27340, stack(0x0000006378a00000,0x0000006378b00000) (1024K)]
  0x0000017958a7a5d0 JavaThread "Thread-3"                   daemon [_thread_in_native, id=23444, stack(0x0000006378b00000,0x0000006378c00000) (1024K)]
  0x0000017958a78b90 JavaThread "Thread-4"                   daemon [_thread_in_native, id=10488, stack(0x0000006378c00000,0x0000006378d00000) (1024K)]
  0x0000017958a777e0 JavaThread "Thread-5"                   daemon [_thread_in_native, id=31272, stack(0x0000006378d00000,0x0000006378e00000) (1024K)]
  0x0000017958a7b2f0 JavaThread "Thread-6"                   daemon [_thread_in_native, id=29212, stack(0x0000006378e00000,0x0000006378f00000) (1024K)]
  0x0000017958a7b980 JavaThread "Thread-7"                   daemon [_thread_in_native, id=15520, stack(0x0000006378f00000,0x0000006379000000) (1024K)]
  0x0000017958a77e70 JavaThread "Thread-8"                   daemon [_thread_in_native, id=24800, stack(0x0000006379000000,0x0000006379100000) (1024K)]
  0x0000017958a7c6a0 JavaThread "Thread-9"                   daemon [_thread_in_native, id=5264, stack(0x0000006379100000,0x0000006379200000) (1024K)]
  0x0000017958a7ee00 JavaThread "Thread-10"                  daemon [_thread_in_native, id=14772, stack(0x0000006379200000,0x0000006379300000) (1024K)]
  0x0000017958a7d3c0 JavaThread "Thread-11"                  daemon [_thread_in_native, id=29900, stack(0x0000006379300000,0x0000006379400000) (1024K)]
  0x000001796076de00 JavaThread "Thread-12"                  daemon [_thread_in_native, id=10148, stack(0x0000006379400000,0x0000006379500000) (1024K)]
  0x0000017960766e70 JavaThread "Thread-13"                  daemon [_thread_in_native, id=26068, stack(0x0000006379500000,0x0000006379600000) (1024K)]
  0x000001796076e490 JavaThread "pool-2-thread-1"                   [_thread_blocked, id=2528, stack(0x0000006379600000,0x0000006379700000) (1024K)]
  0x000001796076bd30 JavaThread "WorkspaceEventsHandler"            [_thread_blocked, id=19368, stack(0x0000006379700000,0x0000006379800000) (1024K)]
  0x0000017960767500 JavaThread "pool-1-thread-1"                   [_thread_blocked, id=11308, stack(0x0000006379800000,0x0000006379900000) (1024K)]
  0x0000017960bfe5d0 JavaThread "Cleaner-0"                  daemon [_thread_blocked, id=26904, stack(0x0000006376100000,0x0000006376200000) (1024K)]
  0x0000017960bfa430 JavaThread "ForkJoinPool.commonPool-worker-139" daemon [_thread_blocked, id=23256, stack(0x0000006378300000,0x0000006378400000) (1024K)]
  0x0000017960bff2f0 JavaThread "ForkJoinPool.commonPool-worker-147" daemon [_thread_blocked, id=22620, stack(0x0000006378800000,0x0000006378900000) (1024K)]
  0x0000017960bf9da0 JavaThread "ForkJoinPool.commonPool-worker-148" daemon [_thread_blocked, id=12816, stack(0x0000006379900000,0x0000006379a00000) (1024K)]
  0x00000179612e1c50 JavaThread "ForkJoinPool.commonPool-worker-151" daemon [_thread_blocked, id=8564, stack(0x0000006378600000,0x0000006378700000) (1024K)]
  0x00000179612e0210 JavaThread "ForkJoinPool.commonPool-worker-153" daemon [_thread_blocked, id=27076, stack(0x0000006375f00000,0x0000006376000000) (1024K)]
  0x00000179612e3690 JavaThread "ForkJoinPool.commonPool-worker-152" daemon [_thread_blocked, id=10548, stack(0x0000006378700000,0x0000006378800000) (1024K)]
  0x00000179612e08a0 JavaThread "ForkJoinPool.commonPool-worker-155" daemon [_thread_blocked, id=29800, stack(0x0000006376000000,0x0000006376100000) (1024K)]
  0x00000179612dc700 JavaThread "Compiler Source File Reader" daemon [_thread_blocked, id=2460, stack(0x0000006378000000,0x0000006378100000) (1024K)]
  0x00000179612e3d20 JavaThread "Worker-54"                         [_thread_blocked, id=31604, stack(0x0000006378400000,0x0000006378500000) (1024K)]
  0x000001795fc86720 JavaThread "Worker-56"                         [_thread_blocked, id=19672, stack(0x0000006379d00000,0x0000006379e00000) (1024K)]
  0x000001795fc89ba0 JavaThread "Compiler Source File Reader" daemon [_thread_blocked, id=18048, stack(0x0000006379e00000,0x0000006379f00000) (1024K)]
  0x000001795fc8d020 JavaThread "Compiler Source File Reader" daemon [_thread_blocked, id=17660, stack(0x0000006379f00000,0x000000637a000000) (1024K)]
  0x000001795fc8b5e0 JavaThread "Compiler Source File Reader" daemon [_thread_blocked, id=12384, stack(0x000000637a000000,0x000000637a100000) (1024K)]
  0x000001795fc8c300 JavaThread "Compiler Source File Reader" daemon [_thread_blocked, id=9596, stack(0x000000637a100000,0x000000637a200000) (1024K)]
  0x000001795fc86db0 JavaThread "Compiler Source File Reader" daemon [_thread_blocked, id=25412, stack(0x000000637a400000,0x000000637a500000) (1024K)]
  0x000001795fc8d6b0 JavaThread "Compiler Source File Reader" daemon [_thread_blocked, id=8040, stack(0x000000637a500000,0x000000637a600000) (1024K)]
  0x000001795fc87440 JavaThread "Compiler Source File Reader" daemon [_thread_blocked, id=24500, stack(0x000000637a600000,0x000000637a700000) (1024K)]
  0x000001795fc86090 JavaThread "Worker-57"                         [_thread_blocked, id=18428, stack(0x0000006378200000,0x0000006378300000) (1024K)]
Total: 55

Other Threads:
  0x0000017916322680 VMThread "VM Thread"                           [id=13072, stack(0x0000006376500000,0x0000006376600000) (1024K)]
  0x000001791621ca00 WatcherThread "VM Periodic Task Thread"        [id=24452, stack(0x0000006376400000,0x0000006376500000) (1024K)]
  0x000001797d8dbe60 WorkerThread "GC Thread#0"                     [id=25108, stack(0x0000006376300000,0x0000006376400000) (1024K)]
  0x0000017958c82840 WorkerThread "GC Thread#1"                     [id=28128, stack(0x0000006377000000,0x0000006377100000) (1024K)]
  0x000001795e1a0d50 WorkerThread "GC Thread#2"                     [id=2380, stack(0x0000006377100000,0x0000006377200000) (1024K)]
  0x000001795e1a1100 WorkerThread "GC Thread#3"                     [id=20400, stack(0x0000006377200000,0x0000006377300000) (1024K)]
  0x000001795e0cff00 WorkerThread "GC Thread#4"                     [id=17848, stack(0x0000006377300000,0x0000006377400000) (1024K)]
  0x000001795e0d06b0 WorkerThread "GC Thread#5"                     [id=23292, stack(0x0000006377400000,0x0000006377500000) (1024K)]
  0x000001795e0d0a60 WorkerThread "GC Thread#6"                     [id=11520, stack(0x0000006377500000,0x0000006377600000) (1024K)]
  0x000001795e6acbc0 WorkerThread "GC Thread#7"                     [id=29120, stack(0x0000006377700000,0x0000006377800000) (1024K)]
  0x000001795e739d50 WorkerThread "GC Thread#8"                     [id=19656, stack(0x0000006377b00000,0x0000006377c00000) (1024K)]
  0x000001795e3cedb0 WorkerThread "GC Thread#9"                     [id=14600, stack(0x0000006377c00000,0x0000006377d00000) (1024K)]
Total: 12

Threads with active compile tasks:
Total: 0

VM state: not at safepoint (normal execution)

VM Mutex/Monitor currently owned by a thread: None

Heap address: 0x0000000080000000, size: 2048 MB, Compressed Oops mode: 32-bit

CDS archive(s) mapped at: [0x0000017917000000-0x0000017917ba0000-0x0000017917ba0000), size 12189696, SharedBaseAddress: 0x0000017917000000, ArchiveRelocationMode: 1.
Compressed class space mapped at: 0x0000017918000000-0x0000017958000000, reserved size: 1073741824
Narrow klass base: 0x0000017917000000, Narrow klass shift: 0, Narrow klass range: 0x100000000

GC Precious Log:
 CardTable entry size: 512
 CPUs: 12 total, 12 available
 Memory: 8013M
 Large Page Support: Disabled
 NUMA Support: Disabled
 Compressed Oops: Enabled (32-bit)
 Alignments: Space 512K, Generation 512K, Heap 2M
 Heap Min Capacity: 100M
 Heap Initial Capacity: 100M
 Heap Max Capacity: 2G
 Pre-touch: Disabled
 Parallel Workers: 10

Heap:
 PSYoungGen      total 4096K, used 2715K [0x00000000d5580000, 0x00000000d5b80000, 0x0000000100000000)
  eden space 3584K, 70% used [0x00000000d5580000,0x00000000d57f6f50,0x00000000d5900000)
  from space 512K, 37% used [0x00000000d5b00000,0x00000000d5b30000,0x00000000d5b80000)
  to   space 512K, 0% used [0x00000000d5a80000,0x00000000d5a80000,0x00000000d5b00000)
 ParOldGen       total 666112K, used 665662K [0x0000000080000000, 0x00000000a8a80000, 0x00000000d5580000)
  object space 666112K, 99% used [0x0000000080000000,0x00000000a8a0f870,0x00000000a8a80000)
 Metaspace       used 87921K, committed 89600K, reserved 1179648K
  class space    used 8549K, committed 9344K, reserved 1048576K

Card table byte_map: [0x000001797d250000,0x000001797d660000] _byte_map_base: 0x000001797ce50000

Marking Bits: (ParMarkBitMap*) 0x00007ffaeb403450
 Begin Bits: [0x0000017912140000, 0x0000017914140000)
 End Bits:   [0x0000017914140000, 0x0000017916140000)

Polling page: 0x000001797b860000

Metaspace:

Usage:
  Non-class:     77.51 MB used.
      Class:      8.35 MB used.
       Both:     85.86 MB used.

Virtual space:
  Non-class space:      128.00 MB reserved,      78.38 MB ( 61%) committed,  2 nodes.
      Class space:        1.00 GB reserved,       9.12 MB ( <1%) committed,  1 nodes.
             Both:        1.12 GB reserved,      87.50 MB (  8%) committed. 

Chunk freelists:
   Non-Class:  1.61 MB
       Class:  6.76 MB
        Both:  8.37 MB

MaxMetaspaceSize: unlimited
CompressedClassSpaceSize: 1.00 GB
Initial GC threshold: 21.00 MB
Current GC threshold: 145.62 MB
CDS: on
 - commit_granule_bytes: 65536.
 - commit_granule_words: 8192.
 - virtual_space_node_default_size: 8388608.
 - enlarge_chunks_in_place: 1.
 - use_allocation_guard: 0.


Internal statistics:

num_allocs_failed_limit: 13.
num_arena_births: 2138.
num_arena_deaths: 624.
num_vsnodes_births: 3.
num_vsnodes_deaths: 0.
num_space_committed: 1400.
num_space_uncommitted: 0.
num_chunks_returned_to_freelist: 777.
num_chunks_taken_from_freelist: 7234.
num_chunk_merges: 218.
num_chunk_splits: 3996.
num_chunks_enlarged: 2001.
num_inconsistent_stats: 0.

CodeHeap 'non-profiled nmethods': size=120000Kb used=26443Kb max_used=26489Kb free=93556Kb
 bounds [0x000001790ac10000, 0x000001790c690000, 0x0000017912140000]
CodeHeap 'profiled nmethods': size=120000Kb used=30266Kb max_used=52548Kb free=89733Kb
 bounds [0x0000017903140000, 0x00000179064a0000, 0x000001790a670000]
CodeHeap 'non-nmethods': size=5760Kb used=1491Kb max_used=1638Kb free=4268Kb
 bounds [0x000001790a670000, 0x000001790a8e0000, 0x000001790ac10000]
CodeCache: size=245760Kb, used=58200Kb, max_used=80675Kb, free=187557Kb
 total_blobs=15323, nmethods=14517, adapters=708, full_count=0
Compilation: enabled, stopped_count=0, restarted_count=0

Compilation events (20 events):
Event: 24826.602 Thread 0x000001797d96c4a0 31437       4       org.eclipse.jdt.internal.core.SourceConstructorInfo::setReturnType (1 bytes)
Event: 24826.603 Thread 0x000001797d96c4a0 nmethod 31437 0x000001790b398e90 code [0x000001790b399020, 0x000001790b3990a8]
Event: 24826.604 Thread 0x000001797d96c4a0 31438       4       org.eclipse.jdt.internal.compiler.SourceElementNotifier::notifySourceElementRequestor (1085 bytes)
Event: 24827.099 Thread 0x000001797d96c4a0 nmethod 31438 0x000001790c420510 code [0x000001790c420a60, 0x000001790c4246b8]
Event: 24827.274 Thread 0x000001797d96c4a0 31439       4       org.eclipse.jdt.core.Signature::getSignatureSimpleName (184 bytes)
Event: 24827.340 Thread 0x000001797d96c4a0 nmethod 31439 0x000001790c163410 code [0x000001790c163600, 0x000001790c164068]
Event: 24828.179 Thread 0x000001797d96d540 31440       3       org.eclipse.jdt.internal.core.CompilationUnitStructureRequestor::<init> (58 bytes)
Event: 24828.182 Thread 0x000001797d96d540 nmethod 31440 0x0000017904d21990 code [0x0000017904d21ba0, 0x0000017904d220a0]
Event: 24828.594 Thread 0x000001797d96d540 31441       3       org.apache.maven.repository.legacy.repository.DefaultArtifactRepositoryFactory::createArtifactRepository (124 bytes)
Event: 24828.607 Thread 0x000001797d96c4a0 31442       4       com.google.inject.internal.Scoping$4::acceptVisitor (10 bytes)
Event: 24828.610 Thread 0x000001797d96d540 nmethod 31441 0x0000017905670390 code [0x0000017905670600, 0x0000017905671208]
Event: 24828.623 Thread 0x000001797d96c4a0 nmethod 31442 0x000001790bf25b10 code [0x000001790bf25ca0, 0x000001790bf25d70]
Event: 24990.187 Thread 0x000001797d96d540 31443       3       javax.xml.catalog.CatalogFeatures::get (10 bytes)
Event: 24990.348 Thread 0x000001797d96d540 nmethod 31443 0x00000179040fb910 code [0x00000179040fbac0, 0x00000179040fbc18]
Event: 24990.826 Thread 0x000001797d96d540 31444   !   3       java.util.concurrent.ForkJoinPool::tryTerminate (332 bytes)
Event: 24991.638 Thread 0x000001797d96d540 nmethod 31444 0x00000179042cfc90 code [0x00000179042d0100, 0x00000179042d22c0]
Event: 24991.661 Thread 0x000001797d96d540 31445       3       java.io.ObjectOutputStream$HandleTable::growSpine (67 bytes)
Event: 24991.965 Thread 0x000001797d96d540 nmethod 31445 0x0000017904412d90 code [0x0000017904412f60, 0x00000179044132b8]
Event: 24993.767 Thread 0x000001797d96d540 31446       3       java.io.FilterOutputStream::flush (8 bytes)
Event: 24993.856 Thread 0x000001797d96d540 nmethod 31446 0x0000017904483410 code [0x00000179044835c0, 0x0000017904483798]

GC Heap History (20 events):
Event: 24828.952 GC heap before
{Heap before GC invocations=10939 (full 10):
 PSYoungGen      total 2048K, used 1664K [0x00000000d5580000, 0x00000000d5a80000, 0x0000000100000000)
  eden space 1024K, 100% used [0x00000000d5580000,0x00000000d5680000,0x00000000d5680000)
  from space 1024K, 62% used [0x00000000d5980000,0x00000000d5a20000,0x00000000d5a80000)
  to   space 1024K, 0% used [0x00000000d5880000,0x00000000d5880000,0x00000000d5980000)
 ParOldGen       total 655360K, used 655129K [0x0000000080000000, 0x00000000a8000000, 0x00000000d5580000)
  object space 655360K, 99% used [0x0000000080000000,0x00000000a7fc6608,0x00000000a8000000)
 Metaspace       used 87917K, committed 89600K, reserved 1179648K
  class space    used 8549K, committed 9344K, reserved 1048576K
}
Event: 24828.962 GC heap after
{Heap after GC invocations=10939 (full 10):
 PSYoungGen      total 2560K, used 992K [0x00000000d5580000, 0x00000000d5a00000, 0x0000000100000000)
  eden space 1536K, 0% used [0x00000000d5580000,0x00000000d5580000,0x00000000d5700000)
  from space 1024K, 96% used [0x00000000d5880000,0x00000000d5978000,0x00000000d5980000)
  to   space 512K, 0% used [0x00000000d5980000,0x00000000d5980000,0x00000000d5a00000)
 ParOldGen       total 655872K, used 655577K [0x0000000080000000, 0x00000000a8080000, 0x00000000d5580000)
  object space 655872K, 99% used [0x0000000080000000,0x00000000a8036608,0x00000000a8080000)
 Metaspace       used 87917K, committed 89600K, reserved 1179648K
  class space    used 8549K, committed 9344K, reserved 1048576K
}
Event: 24828.987 GC heap before
{Heap before GC invocations=10940 (full 10):
 PSYoungGen      total 2560K, used 2528K [0x00000000d5580000, 0x00000000d5a00000, 0x0000000100000000)
  eden space 1536K, 100% used [0x00000000d5580000,0x00000000d5700000,0x00000000d5700000)
  from space 1024K, 96% used [0x00000000d5880000,0x00000000d5978000,0x00000000d5980000)
  to   space 512K, 0% used [0x00000000d5980000,0x00000000d5980000,0x00000000d5a00000)
 ParOldGen       total 655872K, used 655577K [0x0000000080000000, 0x00000000a8080000, 0x00000000d5580000)
  object space 655872K, 99% used [0x0000000080000000,0x00000000a8036608,0x00000000a8080000)
 Metaspace       used 87917K, committed 89600K, reserved 1179648K
  class space    used 8549K, committed 9344K, reserved 1048576K
}
Event: 24828.999 GC heap after
{Heap after GC invocations=10940 (full 10):
 PSYoungGen      total 2560K, used 496K [0x00000000d5580000, 0x00000000d5b80000, 0x0000000100000000)
  eden space 2048K, 0% used [0x00000000d5580000,0x00000000d5580000,0x00000000d5780000)
  from space 512K, 96% used [0x00000000d5980000,0x00000000d59fc000,0x00000000d5a00000)
  to   space 2048K, 0% used [0x00000000d5780000,0x00000000d5780000,0x00000000d5980000)
 ParOldGen       total 657408K, used 656937K [0x0000000080000000, 0x00000000a8200000, 0x00000000d5580000)
  object space 657408K, 99% used [0x0000000080000000,0x00000000a818a608,0x00000000a8200000)
 Metaspace       used 87917K, committed 89600K, reserved 1179648K
  class space    used 8549K, committed 9344K, reserved 1048576K
}
Event: 24829.089 GC heap before
{Heap before GC invocations=10941 (full 10):
 PSYoungGen      total 2560K, used 2544K [0x00000000d5580000, 0x00000000d5b80000, 0x0000000100000000)
  eden space 2048K, 100% used [0x00000000d5580000,0x00000000d5780000,0x00000000d5780000)
  from space 512K, 96% used [0x00000000d5980000,0x00000000d59fc000,0x00000000d5a00000)
  to   space 2048K, 0% used [0x00000000d5780000,0x00000000d5780000,0x00000000d5980000)
 ParOldGen       total 657408K, used 656937K [0x0000000080000000, 0x00000000a8200000, 0x00000000d5580000)
  object space 657408K, 99% used [0x0000000080000000,0x00000000a818a608,0x00000000a8200000)
 Metaspace       used 87917K, committed 89600K, reserved 1179648K
  class space    used 8549K, committed 9344K, reserved 1048576K
}
Event: 24829.100 GC heap after
{Heap after GC invocations=10941 (full 10):
 PSYoungGen      total 4096K, used 2017K [0x00000000d5580000, 0x00000000d5d00000, 0x0000000100000000)
  eden space 2048K, 0% used [0x00000000d5580000,0x00000000d5580000,0x00000000d5780000)
  from space 2048K, 98% used [0x00000000d5780000,0x00000000d5978440,0x00000000d5980000)
  to   space 2560K, 0% used [0x00000000d5a80000,0x00000000d5a80000,0x00000000d5d00000)
 ParOldGen       total 657408K, used 657129K [0x0000000080000000, 0x00000000a8200000, 0x00000000d5580000)
  object space 657408K, 99% used [0x0000000080000000,0x00000000a81ba608,0x00000000a8200000)
 Metaspace       used 87917K, committed 89600K, reserved 1179648K
  class space    used 8549K, committed 9344K, reserved 1048576K
}
Event: 24829.123 GC heap before
{Heap before GC invocations=10942 (full 10):
 PSYoungGen      total 4096K, used 4065K [0x00000000d5580000, 0x00000000d5d00000, 0x0000000100000000)
  eden space 2048K, 100% used [0x00000000d5580000,0x00000000d5780000,0x00000000d5780000)
  from space 2048K, 98% used [0x00000000d5780000,0x00000000d5978440,0x00000000d5980000)
  to   space 2560K, 0% used [0x00000000d5a80000,0x00000000d5a80000,0x00000000d5d00000)
 ParOldGen       total 657408K, used 657129K [0x0000000080000000, 0x00000000a8200000, 0x00000000d5580000)
  object space 657408K, 99% used [0x0000000080000000,0x00000000a81ba608,0x00000000a8200000)
 Metaspace       used 87917K, committed 89600K, reserved 1179648K
  class space    used 8549K, committed 9344K, reserved 1048576K
}
Event: 24829.135 GC heap after
{Heap after GC invocations=10942 (full 10):
 PSYoungGen      total 5120K, used 2112K [0x00000000d5580000, 0x00000000d5d00000, 0x0000000100000000)
  eden space 2560K, 0% used [0x00000000d5580000,0x00000000d5580000,0x00000000d5800000)
  from space 2560K, 82% used [0x00000000d5a80000,0x00000000d5c90000,0x00000000d5d00000)
  to   space 2560K, 0% used [0x00000000d5800000,0x00000000d5800000,0x00000000d5a80000)
 ParOldGen       total 659456K, used 659026K [0x0000000080000000, 0x00000000a8400000, 0x00000000d5580000)
  object space 659456K, 99% used [0x0000000080000000,0x00000000a8394a48,0x00000000a8400000)
 Metaspace       used 87917K, committed 89600K, reserved 1179648K
  class space    used 8549K, committed 9344K, reserved 1048576K
}
Event: 24829.175 GC heap before
{Heap before GC invocations=10943 (full 10):
 PSYoungGen      total 5120K, used 4548K [0x00000000d5580000, 0x00000000d5d00000, 0x0000000100000000)
  eden space 2560K, 95% used [0x00000000d5580000,0x00000000d57e10e8,0x00000000d5800000)
  from space 2560K, 82% used [0x00000000d5a80000,0x00000000d5c90000,0x00000000d5d00000)
  to   space 2560K, 0% used [0x00000000d5800000,0x00000000d5800000,0x00000000d5a80000)
 ParOldGen       total 659456K, used 659026K [0x0000000080000000, 0x00000000a8400000, 0x00000000d5580000)
  object space 659456K, 99% used [0x0000000080000000,0x00000000a8394a48,0x00000000a8400000)
 Metaspace       used 87917K, committed 89600K, reserved 1179648K
  class space    used 8549K, committed 9344K, reserved 1048576K
}
Event: 24829.192 GC heap after
{Heap after GC invocations=10943 (full 10):
 PSYoungGen      total 5120K, used 2256K [0x00000000d5580000, 0x00000000d5d80000, 0x0000000100000000)
  eden space 2560K, 0% used [0x00000000d5580000,0x00000000d5580000,0x00000000d5800000)
  from space 2560K, 88% used [0x00000000d5800000,0x00000000d5a34000,0x00000000d5a80000)
  to   space 2560K, 0% used [0x00000000d5b00000,0x00000000d5b00000,0x00000000d5d80000)
 ParOldGen       total 661504K, used 661090K [0x0000000080000000, 0x00000000a8600000, 0x00000000d5580000)
  object space 661504K, 99% used [0x0000000080000000,0x00000000a8598a48,0x00000000a8600000)
 Metaspace       used 87917K, committed 89600K, reserved 1179648K
  class space    used 8549K, committed 9344K, reserved 1048576K
}
Event: 24829.309 GC heap before
{Heap before GC invocations=10944 (full 10):
 PSYoungGen      total 5120K, used 4809K [0x00000000d5580000, 0x00000000d5d80000, 0x0000000100000000)
  eden space 2560K, 99% used [0x00000000d5580000,0x00000000d57fe7c8,0x00000000d5800000)
  from space 2560K, 88% used [0x00000000d5800000,0x00000000d5a34000,0x00000000d5a80000)
  to   space 2560K, 0% used [0x00000000d5b00000,0x00000000d5b00000,0x00000000d5d80000)
 ParOldGen       total 661504K, used 661090K [0x0000000080000000, 0x00000000a8600000, 0x00000000d5580000)
  object space 661504K, 99% used [0x0000000080000000,0x00000000a8598a48,0x00000000a8600000)
 Metaspace       used 87917K, committed 89600K, reserved 1179648K
  class space    used 8549K, committed 9344K, reserved 1048576K
}
Event: 24829.320 GC heap after
{Heap after GC invocations=10944 (full 10):
 PSYoungGen      total 5120K, used 1692K [0x00000000d5580000, 0x00000000d5d00000, 0x0000000100000000)
  eden space 3072K, 0% used [0x00000000d5580000,0x00000000d5580000,0x00000000d5880000)
  from space 2048K, 82% used [0x00000000d5b00000,0x00000000d5ca7348,0x00000000d5d00000)
  to   space 2048K, 0% used [0x00000000d5900000,0x00000000d5900000,0x00000000d5b00000)
 ParOldGen       total 663040K, used 662962K [0x0000000080000000, 0x00000000a8780000, 0x00000000d5580000)
  object space 663040K, 99% used [0x0000000080000000,0x00000000a876ca48,0x00000000a8780000)
 Metaspace       used 87917K, committed 89600K, reserved 1179648K
  class space    used 8549K, committed 9344K, reserved 1048576K
}
Event: 24829.343 GC heap before
{Heap before GC invocations=10945 (full 10):
 PSYoungGen      total 5120K, used 4764K [0x00000000d5580000, 0x00000000d5d00000, 0x0000000100000000)
  eden space 3072K, 100% used [0x00000000d5580000,0x00000000d5880000,0x00000000d5880000)
  from space 2048K, 82% used [0x00000000d5b00000,0x00000000d5ca7348,0x00000000d5d00000)
  to   space 2048K, 0% used [0x00000000d5900000,0x00000000d5900000,0x00000000d5b00000)
 ParOldGen       total 663040K, used 662962K [0x0000000080000000, 0x00000000a8780000, 0x00000000d5580000)
  object space 663040K, 99% used [0x0000000080000000,0x00000000a876ca48,0x00000000a8780000)
 Metaspace       used 87917K, committed 89600K, reserved 1179648K
  class space    used 8549K, committed 9344K, reserved 1048576K
}
Event: 24829.351 GC heap after
{Heap after GC invocations=10945 (full 10):
 PSYoungGen      total 5632K, used 640K [0x00000000d5580000, 0x00000000d5c80000, 0x0000000100000000)
  eden space 3584K, 0% used [0x00000000d5580000,0x00000000d5580000,0x00000000d5900000)
  from space 2048K, 31% used [0x00000000d5900000,0x00000000d59a0000,0x00000000d5b00000)
  to   space 1536K, 0% used [0x00000000d5b00000,0x00000000d5b00000,0x00000000d5c80000)
 ParOldGen       total 665088K, used 664609K [0x0000000080000000, 0x00000000a8980000, 0x00000000d5580000)
  object space 665088K, 99% used [0x0000000080000000,0x00000000a89085f0,0x00000000a8980000)
 Metaspace       used 87917K, committed 89600K, reserved 1179648K
  class space    used 8549K, committed 9344K, reserved 1048576K
}
Event: 24829.556 GC heap before
{Heap before GC invocations=10946 (full 10):
 PSYoungGen      total 5632K, used 4224K [0x00000000d5580000, 0x00000000d5c80000, 0x0000000100000000)
  eden space 3584K, 100% used [0x00000000d5580000,0x00000000d5900000,0x00000000d5900000)
  from space 2048K, 31% used [0x00000000d5900000,0x00000000d59a0000,0x00000000d5b00000)
  to   space 1536K, 0% used [0x00000000d5b00000,0x00000000d5b00000,0x00000000d5c80000)
 ParOldGen       total 665088K, used 664609K [0x0000000080000000, 0x00000000a8980000, 0x00000000d5580000)
  object space 665088K, 99% used [0x0000000080000000,0x00000000a89085f0,0x00000000a8980000)
 Metaspace       used 87917K, committed 89600K, reserved 1179648K
  class space    used 8549K, committed 9344K, reserved 1048576K
}
Event: 24829.564 GC heap after
{Heap after GC invocations=10946 (full 10):
 PSYoungGen      total 4096K, used 512K [0x00000000d5580000, 0x00000000d5b80000, 0x0000000100000000)
  eden space 3584K, 0% used [0x00000000d5580000,0x00000000d5580000,0x00000000d5900000)
  from space 512K, 100% used [0x00000000d5b00000,0x00000000d5b80000,0x00000000d5b80000)
  to   space 1024K, 0% used [0x00000000d5980000,0x00000000d5980000,0x00000000d5a80000)
 ParOldGen       total 665600K, used 665145K [0x0000000080000000, 0x00000000a8a00000, 0x00000000d5580000)
  object space 665600K, 99% used [0x0000000080000000,0x00000000a898e5f0,0x00000000a8a00000)
 Metaspace       used 87917K, committed 89600K, reserved 1179648K
  class space    used 8549K, committed 9344K, reserved 1048576K
}
Event: 24829.756 GC heap before
{Heap before GC invocations=10947 (full 10):
 PSYoungGen      total 4096K, used 4096K [0x00000000d5580000, 0x00000000d5b80000, 0x0000000100000000)
  eden space 3584K, 100% used [0x00000000d5580000,0x00000000d5900000,0x00000000d5900000)
  from space 512K, 100% used [0x00000000d5b00000,0x00000000d5b80000,0x00000000d5b80000)
  to   space 1024K, 0% used [0x00000000d5980000,0x00000000d5980000,0x00000000d5a80000)
 ParOldGen       total 665600K, used 665145K [0x0000000080000000, 0x00000000a8a00000, 0x00000000d5580000)
  object space 665600K, 99% used [0x0000000080000000,0x00000000a898e5f0,0x00000000a8a00000)
 Metaspace       used 87917K, committed 89600K, reserved 1179648K
  class space    used 8549K, committed 9344K, reserved 1048576K
}
Event: 24829.765 GC heap after
{Heap after GC invocations=10947 (full 10):
 PSYoungGen      total 4608K, used 252K [0x00000000d5580000, 0x00000000d5b80000, 0x0000000100000000)
  eden space 3584K, 0% used [0x00000000d5580000,0x00000000d5580000,0x00000000d5900000)
  from space 1024K, 24% used [0x00000000d5980000,0x00000000d59bf280,0x00000000d5a80000)
  to   space 512K, 0% used [0x00000000d5b00000,0x00000000d5b00000,0x00000000d5b80000)
 ParOldGen       total 665600K, used 665497K [0x0000000080000000, 0x00000000a8a00000, 0x00000000d5580000)
  object space 665600K, 99% used [0x0000000080000000,0x00000000a89e65f0,0x00000000a8a00000)
 Metaspace       used 87917K, committed 89600K, reserved 1179648K
  class space    used 8549K, committed 9344K, reserved 1048576K
}
Event: 24829.845 GC heap before
{Heap before GC invocations=10948 (full 10):
 PSYoungGen      total 4608K, used 3836K [0x00000000d5580000, 0x00000000d5b80000, 0x0000000100000000)
  eden space 3584K, 100% used [0x00000000d5580000,0x00000000d5900000,0x00000000d5900000)
  from space 1024K, 24% used [0x00000000d5980000,0x00000000d59bf280,0x00000000d5a80000)
  to   space 512K, 0% used [0x00000000d5b00000,0x00000000d5b00000,0x00000000d5b80000)
 ParOldGen       total 665600K, used 665497K [0x0000000080000000, 0x00000000a8a00000, 0x00000000d5580000)
  object space 665600K, 99% used [0x0000000080000000,0x00000000a89e65f0,0x00000000a8a00000)
 Metaspace       used 87917K, committed 89600K, reserved 1179648K
  class space    used 8549K, committed 9344K, reserved 1048576K
}
Event: 24829.858 GC heap after
{Heap after GC invocations=10948 (full 10):
 PSYoungGen      total 4096K, used 192K [0x00000000d5580000, 0x00000000d5b80000, 0x0000000100000000)
  eden space 3584K, 0% used [0x00000000d5580000,0x00000000d5580000,0x00000000d5900000)
  from space 512K, 37% used [0x00000000d5b00000,0x00000000d5b30000,0x00000000d5b80000)
  to   space 512K, 0% used [0x00000000d5a80000,0x00000000d5a80000,0x00000000d5b00000)
 ParOldGen       total 666112K, used 665662K [0x0000000080000000, 0x00000000a8a80000, 0x00000000d5580000)
  object space 666112K, 99% used [0x0000000080000000,0x00000000a8a0f870,0x00000000a8a80000)
 Metaspace       used 87917K, committed 89600K, reserved 1179648K
  class space    used 8549K, committed 9344K, reserved 1048576K
}

Dll operation events (10 events):
Event: 0.041 Loaded shared library c:\Users\kkong\.vscode\extensions\redhat.java-1.53.0-win32-x64\jre\21.0.10-win32-x86_64\bin\java.dll
Event: 0.132 Loaded shared library c:\Users\kkong\.vscode\extensions\redhat.java-1.53.0-win32-x64\jre\21.0.10-win32-x86_64\bin\zip.dll
Event: 0.305 Loaded shared library C:\Users\kkong\.vscode\extensions\redhat.java-1.53.0-win32-x64\jre\21.0.10-win32-x86_64\bin\instrument.dll
Event: 0.321 Loaded shared library C:\Users\kkong\.vscode\extensions\redhat.java-1.53.0-win32-x64\jre\21.0.10-win32-x86_64\bin\net.dll
Event: 0.329 Loaded shared library C:\Users\kkong\.vscode\extensions\redhat.java-1.53.0-win32-x64\jre\21.0.10-win32-x86_64\bin\nio.dll
Event: 0.339 Loaded shared library C:\Users\kkong\.vscode\extensions\redhat.java-1.53.0-win32-x64\jre\21.0.10-win32-x86_64\bin\zip.dll
Event: 0.393 Loaded shared library C:\Users\kkong\.vscode\extensions\redhat.java-1.53.0-win32-x64\jre\21.0.10-win32-x86_64\bin\jimage.dll
Event: 0.656 Loaded shared library c:\Users\kkong\.vscode\extensions\redhat.java-1.53.0-win32-x64\jre\21.0.10-win32-x86_64\bin\verify.dll
Event: 23.993 Loaded shared library C:\Users\kkong\AppData\Roaming\Code\User\globalStorage\redhat.java\1.53.0\config_win\org.eclipse.equinox.launcher\org.eclipse.equinox.launcher.win32.win32.x86_64_1.3.0.v20260203-2149\eclipse_11919.dll
Event: 52.302 Loaded shared library C:\Users\kkong\AppData\Local\Temp\jna--1446563175\jna6892694693527618101.dll

Deoptimization events (20 events):
Event: 24099.678 Thread 0x0000017960767500 Uncommon trap: trap_request=0xffffffcc fr.pc=0x000001790bb25864 relative=0x00000000000006c4
Event: 24099.678 Thread 0x0000017960767500 Uncommon trap: reason=intrinsic_or_type_checked_inlining action=make_not_entrant pc=0x000001790bb25864 method=org.eclipse.jdt.internal.compiler.parser.Parser.consumeLambdaHeader()V @ 54 c2
Event: 24099.678 Thread 0x0000017960767500 DEOPT PACKING pc=0x000001790bb25864 sp=0x00000063798fddd0
Event: 24099.678 Thread 0x0000017960767500 DEOPT UNPACKING pc=0x000001790a6c3aa2 sp=0x00000063798fdd80 mode 2
Event: 24099.861 Thread 0x0000017960bfcb90 Uncommon trap: trap_request=0xffffff45 fr.pc=0x000001790c2679b0 relative=0x0000000000000630
Event: 24099.861 Thread 0x0000017960bfcb90 Uncommon trap: reason=unstable_if action=reinterpret pc=0x000001790c2679b0 method=org.eclipse.core.internal.jobs.JobQueue$2.hasNext()Z @ 14 c2
Event: 24099.861 Thread 0x0000017960bfcb90 DEOPT PACKING pc=0x000001790c2679b0 sp=0x0000006375ffe450
Event: 24099.861 Thread 0x0000017960bfcb90 DEOPT UNPACKING pc=0x000001790a6c3aa2 sp=0x0000006375ffe090 mode 2
Event: 24099.861 Thread 0x0000017960bfcb90 Uncommon trap: trap_request=0xffffff45 fr.pc=0x000001790c1deb04 relative=0x0000000000000604
Event: 24099.861 Thread 0x0000017960bfcb90 Uncommon trap: reason=unstable_if action=reinterpret pc=0x000001790c1deb04 method=org.eclipse.core.internal.events.AutoBuildJob.isInterrupted()Z @ 4 c2
Event: 24099.861 Thread 0x0000017960bfcb90 DEOPT PACKING pc=0x000001790c1deb04 sp=0x0000006375ffe7a0
Event: 24099.861 Thread 0x0000017960bfcb90 DEOPT UNPACKING pc=0x000001790a6c3aa2 sp=0x0000006375ffe610 mode 2
Event: 24107.573 Thread 0x00000179612e08a0 Uncommon trap: trap_request=0xffffffcc fr.pc=0x000001790b8eaf94 relative=0x0000000000000a94
Event: 24107.573 Thread 0x00000179612e08a0 Uncommon trap: reason=intrinsic_or_type_checked_inlining action=make_not_entrant pc=0x000001790b8eaf94 method=org.eclipse.jdt.internal.compiler.parser.Parser.parse(Lorg/eclipse/jdt/internal/compiler/ast/ConstructorDeclaration;Lorg/eclipse/jdt/internal/com
Event: 24107.573 Thread 0x00000179612e08a0 DEOPT PACKING pc=0x000001790b8eaf94 sp=0x0000006379aff040
Event: 24107.573 Thread 0x00000179612e08a0 DEOPT UNPACKING pc=0x000001790a6c3aa2 sp=0x0000006379afefc0 mode 2
Event: 24119.219 Thread 0x00000179612dd420 Uncommon trap: trap_request=0xffffff45 fr.pc=0x000001790c1468ec relative=0x0000000000001e8c
Event: 24119.220 Thread 0x00000179612dd420 Uncommon trap: reason=unstable_if action=reinterpret pc=0x000001790c1468ec method=org.eclipse.core.internal.dtree.AbstractDataTreeNode.assembleWith([Lorg/eclipse/core/internal/dtree/AbstractDataTreeNode;[Lorg/eclipse/core/internal/dtree/AbstractDataTreeNo
Event: 24119.220 Thread 0x00000179612dd420 DEOPT PACKING pc=0x000001790c1468ec sp=0x000000637a8fe9f0
Event: 24119.220 Thread 0x00000179612dd420 DEOPT UNPACKING pc=0x000001790a6c3aa2 sp=0x000000637a8fe9b0 mode 2

Classes loaded (20 events):
Event: 383.513 Loading class java/io/ObjectOutputStream$HandleTable
Event: 383.513 Loading class java/io/ObjectOutputStream$HandleTable done
Event: 383.514 Loading class java/io/ObjectOutputStream$ReplaceTable
Event: 383.514 Loading class java/io/ObjectOutputStream$ReplaceTable done
Event: 942.479 Loading class java/lang/StringLatin1$CharsSpliterator
Event: 942.481 Loading class java/lang/StringLatin1$CharsSpliterator done
Event: 1698.218 Loading class java/util/regex/Pattern$Behind
Event: 1698.219 Loading class java/util/regex/Pattern$Behind done
Event: 1698.221 Loading class java/util/regex/Pattern$Neg
Event: 1698.221 Loading class java/util/regex/Pattern$Neg done
Event: 2233.867 Loading class java/util/function/IntPredicate
Event: 2233.868 Loading class java/util/function/IntPredicate done
Event: 2233.889 Loading class java/util/regex/Pattern$Bound
Event: 2233.890 Loading class java/util/regex/Pattern$Bound done
Event: 5969.786 Loading class java/nio/channels/CompletionHandler
Event: 5969.790 Loading class java/nio/channels/CompletionHandler done
Event: 8652.244 Loading class java/util/ArrayDeque$DeqSpliterator
Event: 8652.250 Loading class java/util/ArrayDeque$DeqSpliterator done
Event: 9401.819 Loading class java/util/DualPivotQuicksort$Sorter
Event: 9401.826 Loading class java/util/DualPivotQuicksort$Sorter done

Classes unloaded (20 events):
Event: 20208.692 Thread 0x0000017916322680 Unloading class 0x0000017918298400 'jdk/internal/reflect/GeneratedSerializationConstructorAccessor10'
Event: 20208.692 Thread 0x0000017916322680 Unloading class 0x0000017918298000 'jdk/internal/reflect/GeneratedSerializationConstructorAccessor9'
Event: 20208.693 Thread 0x0000017916322680 Unloading class 0x00000179181a1000 'java/lang/invoke/LambdaForm$MH+0x00000179181a1000'
Event: 20208.693 Thread 0x0000017916322680 Unloading class 0x00000179181a2000 'java/lang/invoke/LambdaForm$MH+0x00000179181a2000'
Event: 20208.694 Thread 0x0000017916322680 Unloading class 0x000001791828e000 'jdk/internal/reflect/GeneratedSerializationConstructorAccessor8'
Event: 20208.694 Thread 0x0000017916322680 Unloading class 0x000001791828dc00 'jdk/internal/reflect/GeneratedSerializationConstructorAccessor7'
Event: 20208.694 Thread 0x0000017916322680 Unloading class 0x000001791828d800 'jdk/internal/reflect/GeneratedSerializationConstructorAccessor6'
Event: 20208.694 Thread 0x0000017916322680 Unloading class 0x000001791828d400 'jdk/internal/reflect/GeneratedSerializationConstructorAccessor5'
Event: 20208.694 Thread 0x0000017916322680 Unloading class 0x000001791828d000 'jdk/internal/reflect/GeneratedSerializationConstructorAccessor4'
Event: 20208.694 Thread 0x0000017916322680 Unloading class 0x000001791828cc00 'jdk/internal/reflect/GeneratedSerializationConstructorAccessor3'
Event: 20208.694 Thread 0x0000017916322680 Unloading class 0x000001791828c800 'jdk/internal/reflect/GeneratedSerializationConstructorAccessor2'
Event: 20208.694 Thread 0x0000017916322680 Unloading class 0x000001791828c400 'jdk/internal/reflect/GeneratedSerializationConstructorAccessor1'
Event: 20208.695 Thread 0x0000017916322680 Unloading class 0x0000017918218400 'java/lang/invoke/LambdaForm$BMH+0x0000017918218400'
Event: 20208.695 Thread 0x0000017916322680 Unloading class 0x0000017918179000 'java/lang/invoke/LambdaForm$MH+0x0000017918179000'
Event: 20208.695 Thread 0x0000017916322680 Unloading class 0x0000017918000400 'java/lang/invoke/LambdaForm$MH+0x0000017918000400'
Event: 24097.793 Thread 0x0000017916322680 Unloading class 0x000001791829f400 'java/lang/invoke/LambdaForm$MH+0x000001791829f400'
Event: 24097.794 Thread 0x0000017916322680 Unloading class 0x000001791829f000 'java/lang/invoke/LambdaForm$MH+0x000001791829f000'
Event: 24097.794 Thread 0x0000017916322680 Unloading class 0x00000179182a1c00 'java/lang/invoke/LambdaForm$MH+0x00000179182a1c00'
Event: 24097.794 Thread 0x0000017916322680 Unloading class 0x00000179181a1400 'java/lang/invoke/LambdaForm$MH+0x00000179181a1400'
Event: 24097.794 Thread 0x0000017916322680 Unloading class 0x00000179181a1000 'java/lang/invoke/LambdaForm$MH+0x00000179181a1000'

Classes redefined (0 events):
No events

Internal exceptions (20 events):
Event: 24278.513 Thread 0x0000017958a7e770 Exception <a 'sun/nio/fs/WindowsException'{0x00000000d5971350}> (0x00000000d5971350) 
thrown [s\src\hotspot\share\prims\jni.cpp, line 520]
Event: 24278.738 Thread 0x0000017958a7e770 Exception <a 'sun/nio/fs/WindowsException'{0x00000000d561b4e8}> (0x00000000d561b4e8) 
thrown [s\src\hotspot\share\prims\jni.cpp, line 520]
Event: 24282.489 Thread 0x0000017958a7e770 Exception <a 'sun/nio/fs/WindowsException'{0x00000000d55b3b80}> (0x00000000d55b3b80) 
thrown [s\src\hotspot\share\prims\jni.cpp, line 520]
Event: 24282.697 Thread 0x0000017958a7e770 Exception <a 'sun/nio/fs/WindowsException'{0x00000000d5597128}> (0x00000000d5597128) 
thrown [s\src\hotspot\share\prims\jni.cpp, line 520]
Event: 24566.925 Thread 0x00000179612e0f30 Exception <a 'sun/nio/fs/WindowsException'{0x00000000d575f310}> (0x00000000d575f310) 
thrown [s\src\hotspot\share\prims\jni.cpp, line 520]
Event: 24566.929 Thread 0x00000179612e0f30 Exception <a 'sun/nio/fs/WindowsException'{0x00000000d5760040}> (0x00000000d5760040) 
thrown [s\src\hotspot\share\prims\jni.cpp, line 520]
Event: 24689.835 Thread 0x00000179612dd420 Exception <a 'sun/nio/fs/WindowsException'{0x00000000d56efb28}> (0x00000000d56efb28) 
thrown [s\src\hotspot\share\prims\jni.cpp, line 520]
Event: 24713.003 Thread 0x00000179612e0f30 Exception <a 'sun/nio/fs/WindowsException'{0x00000000d5813c90}> (0x00000000d5813c90) 
thrown [s\src\hotspot\share\prims\jni.cpp, line 520]
Event: 24809.287 Thread 0x0000017958a7e770 Exception <a 'sun/nio/fs/WindowsException'{0x00000000d55851a0}> (0x00000000d55851a0) 
thrown [s\src\hotspot\share\prims\jni.cpp, line 520]
Event: 24809.949 Thread 0x0000017958a7e770 Exception <a 'sun/nio/fs/WindowsException'{0x00000000d56710a0}> (0x00000000d56710a0) 
thrown [s\src\hotspot\share\prims\jni.cpp, line 520]
Event: 24814.598 Thread 0x0000017958a7e770 Exception <a 'sun/nio/fs/WindowsException'{0x00000000d56aed40}> (0x00000000d56aed40) 
thrown [s\src\hotspot\share\prims\jni.cpp, line 520]
Event: 24815.147 Thread 0x0000017958a7e770 Exception <a 'sun/nio/fs/WindowsException'{0x00000000d584eb60}> (0x00000000d584eb60) 
thrown [s\src\hotspot\share\prims\jni.cpp, line 520]
Event: 24823.434 Thread 0x0000017958a7e770 Exception <a 'sun/nio/fs/WindowsException'{0x00000000d5583f18}> (0x00000000d5583f18) 
thrown [s\src\hotspot\share\prims\jni.cpp, line 520]
Event: 24823.937 Thread 0x0000017958a7e770 Exception <a 'sun/nio/fs/WindowsException'{0x00000000d5580750}> (0x00000000d5580750) 
thrown [s\src\hotspot\share\prims\jni.cpp, line 520]
Event: 24825.585 Thread 0x0000017958a7e770 Exception <a 'sun/nio/fs/WindowsException'{0x00000000d5807d18}> (0x00000000d5807d18) 
thrown [s\src\hotspot\share\prims\jni.cpp, line 520]
Event: 24826.047 Thread 0x0000017958a7e770 Exception <a 'sun/nio/fs/WindowsException'{0x00000000d5731960}> (0x00000000d5731960) 
thrown [s\src\hotspot\share\prims\jni.cpp, line 520]
Event: 24828.812 Thread 0x0000017958a7e770 Exception <a 'sun/nio/fs/WindowsException'{0x00000000d567c788}> (0x00000000d567c788) 
thrown [s\src\hotspot\share\prims\jni.cpp, line 520]
Event: 24829.279 Thread 0x0000017958a7e770 Exception <a 'sun/nio/fs/WindowsException'{0x00000000d55e6360}> (0x00000000d55e6360) 
thrown [s\src\hotspot\share\prims\jni.cpp, line 520]
Event: 24990.730 Thread 0x00000179612e3d20 Exception <a 'sun/nio/fs/WindowsException'{0x00000000d575b028}> (0x00000000d575b028) 
thrown [s\src\hotspot\share\prims\jni.cpp, line 520]
Event: 24990.749 Thread 0x00000179612e3d20 Exception <a 'sun/nio/fs/WindowsException'{0x00000000d575bd20}> (0x00000000d575bd20) 
thrown [s\src\hotspot\share\prims\jni.cpp, line 520]

ZGC Phase Switch (0 events):
No events

VM Operations (20 events):
Event: 24829.175 Executing safepoint VM operation: ParallelGCFailedAllocation (Allocation Failure)
Event: 24829.193 Executing safepoint VM operation: ParallelGCFailedAllocation (Allocation Failure) done
Event: 24829.309 Executing safepoint VM operation: ParallelGCFailedAllocation (Allocation Failure)
Event: 24829.320 Executing safepoint VM operation: ParallelGCFailedAllocation (Allocation Failure) done
Event: 24829.343 Executing safepoint VM operation: ParallelGCFailedAllocation (Allocation Failure)
Event: 24829.351 Executing safepoint VM operation: ParallelGCFailedAllocation (Allocation Failure) done
Event: 24829.556 Executing safepoint VM operation: ParallelGCFailedAllocation (Allocation Failure)
Event: 24829.564 Executing safepoint VM operation: ParallelGCFailedAllocation (Allocation Failure) done
Event: 24829.756 Executing safepoint VM operation: ParallelGCFailedAllocation (Allocation Failure)
Event: 24829.765 Executing safepoint VM operation: ParallelGCFailedAllocation (Allocation Failure) done
Event: 24829.845 Executing safepoint VM operation: ParallelGCFailedAllocation (Allocation Failure)
Event: 24829.858 Executing safepoint VM operation: ParallelGCFailedAllocation (Allocation Failure) done
Event: 24867.955 Executing non-safepoint VM operation: HandshakeAllThreads (HandshakeForDeflation)
Event: 24867.955 Executing non-safepoint VM operation: HandshakeAllThreads (HandshakeForDeflation) done
Event: 24867.955 Executing non-safepoint VM operation: RendezvousGCThreads
Event: 24867.955 Executing non-safepoint VM operation: RendezvousGCThreads done
Event: 24991.196 Executing safepoint VM operation: Cleanup
Event: 24991.206 Executing safepoint VM operation: Cleanup done
Event: 24993.312 Executing safepoint VM operation: Cleanup
Event: 24993.363 Executing safepoint VM operation: Cleanup done

Memory protections (0 events):
No events

Nmethod flushes (20 events):
Event: 24098.235 Thread 0x0000017916322680 flushing  nmethod 0x00000179061c2e90
Event: 24098.235 Thread 0x0000017916322680 flushing  nmethod 0x00000179061d0710
Event: 24098.235 Thread 0x0000017916322680 flushing  nmethod 0x000001790623b890
Event: 24098.235 Thread 0x0000017916322680 flushing  nmethod 0x0000017906291710
Event: 24098.236 Thread 0x0000017916322680 flushing  nmethod 0x000001790629d310
Event: 24098.236 Thread 0x0000017916322680 flushing  nmethod 0x000001790629f510
Event: 24098.236 Thread 0x0000017916322680 flushing  nmethod 0x00000179062ba390
Event: 24098.236 Thread 0x0000017916322680 flushing  nmethod 0x00000179062d7e10
Event: 24098.236 Thread 0x0000017916322680 flushing  nmethod 0x000001790632d910
Event: 24098.236 Thread 0x0000017916322680 flushing  nmethod 0x0000017906336190
Event: 24098.236 Thread 0x0000017916322680 flushing  nmethod 0x000001790633c110
Event: 24098.236 Thread 0x0000017916322680 flushing  nmethod 0x0000017906350e10
Event: 24098.236 Thread 0x0000017916322680 flushing  nmethod 0x000001790635fd90
Event: 24098.236 Thread 0x0000017916322680 flushing  nmethod 0x0000017906362990
Event: 24098.236 Thread 0x0000017916322680 flushing  nmethod 0x0000017906369010
Event: 24098.236 Thread 0x0000017916322680 flushing  nmethod 0x000001790636c810
Event: 24098.236 Thread 0x0000017916322680 flushing  nmethod 0x00000179063b1710
Event: 24098.236 Thread 0x0000017916322680 flushing  nmethod 0x00000179063d7210
Event: 24098.236 Thread 0x0000017916322680 flushing  nmethod 0x00000179063e3510
Event: 24098.237 Thread 0x0000017916322680 flushing  nmethod 0x000001790641b710

Events (20 events):
Event: 24812.308 Thread 0x000001795fc86720 Thread added: 0x000001795fc8d020
Event: 24814.519 Thread 0x00000179612dd420 Thread added: 0x000001795fc8b5e0
Event: 24816.283 Thread 0x00000179612e0f30 Thread added: 0x000001795fc8c300
Event: 24819.125 Thread 0x00000179612e3690 Thread added: 0x000001795fc8c990
Event: 24819.126 Thread 0x0000017960bf9da0 Thread added: 0x000001795fc86090
Event: 24823.455 Thread 0x00000179612dd420 Thread added: 0x000001795fc86db0
Event: 24825.614 Thread 0x00000179612dd420 Thread added: 0x000001795fc8d6b0
Event: 24828.340 Thread 0x00000179612dd420 Thread added: 0x000001795fc87440
Event: 24888.471 Thread 0x00000179612dcd90 Thread exited: 0x00000179612dcd90
Event: 24889.032 Thread 0x00000179612dd420 Thread exited: 0x00000179612dd420
Event: 24889.289 Thread 0x00000179612e0f30 Thread exited: 0x00000179612e0f30
Event: 24890.047 Thread 0x000001795fc8a8c0 Thread exited: 0x000001795fc8a8c0
Event: 24892.748 Thread 0x00000179612df4f0 Thread exited: 0x00000179612df4f0
Event: 24952.814 Thread 0x000001795fc86090 Thread exited: 0x000001795fc86090
Event: 24990.446 Thread 0x00000179612e3d20 Thread added: 0x000001795fc87ad0
Event: 24990.522 Thread 0x000001795fc87ad0 Thread exited: 0x000001795fc87ad0
Event: 24990.819 Thread 0x00000179612e3d20 Thread added: 0x000001795fc8a8c0
Event: 24990.826 Thread 0x000001795fc8a8c0 Thread exited: 0x000001795fc8a8c0
Event: 24995.657 Thread 0x000001795fc86720 Thread added: 0x000001795fc86090
Event: 25012.805 Thread 0x000001795fc8c990 Thread exited: 0x000001795fc8c990


Dynamic libraries:
0x00007ff7d9ce0000 - 0x00007ff7d9cee000 	c:\Users\kkong\.vscode\extensions\redhat.java-1.53.0-win32-x64\jre\21.0.10-win32-x86_64\bin\java.exe
0x00007ffbf31d0000 - 0x00007ffbf33e8000 	C:\WINDOWS\SYSTEM32\ntdll.dll
0x00007ffbf1d70000 - 0x00007ffbf1e34000 	C:\WINDOWS\System32\KERNEL32.DLL
0x00007ffbf06b0000 - 0x00007ffbf0a83000 	C:\WINDOWS\System32\KERNELBASE.dll
0x00007ffbecc40000 - 0x00007ffbeccd7000 	C:\WINDOWS\SYSTEM32\apphelp.dll
0x00007ffbf0b60000 - 0x00007ffbf0c71000 	C:\WINDOWS\System32\ucrtbase.dll
0x00007ffbc5180000 - 0x00007ffbc5198000 	c:\Users\kkong\.vscode\extensions\redhat.java-1.53.0-win32-x64\jre\21.0.10-win32-x86_64\bin\jli.dll
0x00007ffbc5530000 - 0x00007ffbc554e000 	c:\Users\kkong\.vscode\extensions\redhat.java-1.53.0-win32-x64\jre\21.0.10-win32-x86_64\bin\VCRUNTIME140.dll
0x00007ffbf1620000 - 0x00007ffbf17d2000 	C:\WINDOWS\System32\USER32.dll
0x00007ffbd7e10000 - 0x00007ffbd80ac000 	C:\WINDOWS\WinSxS\amd64_microsoft.windows.common-controls_6595b64144ccf1df_6.0.22621.6060_none_2712eda17382d24b\COMCTL32.dll
0x00007ffbf0360000 - 0x00007ffbf0386000 	C:\WINDOWS\System32\win32u.dll
0x00007ffbf30e0000 - 0x00007ffbf3187000 	C:\WINDOWS\System32\msvcrt.dll
0x00007ffbf2b20000 - 0x00007ffbf2b49000 	C:\WINDOWS\System32\GDI32.dll
0x00007ffbf0390000 - 0x00007ffbf04ab000 	C:\WINDOWS\System32\gdi32full.dll
0x00007ffbf0a90000 - 0x00007ffbf0b2a000 	C:\WINDOWS\System32\msvcp_win.dll
0x00007ffbf15e0000 - 0x00007ffbf1611000 	C:\WINDOWS\System32\IMM32.DLL
0x00007ffbecc30000 - 0x00007ffbecc3c000 	c:\Users\kkong\.vscode\extensions\redhat.java-1.53.0-win32-x64\jre\21.0.10-win32-x86_64\bin\vcruntime140_1.dll
0x00007ffb8a930000 - 0x00007ffb8a9bd000 	c:\Users\kkong\.vscode\extensions\redhat.java-1.53.0-win32-x64\jre\21.0.10-win32-x86_64\bin\msvcp140.dll
0x00007ffaea740000 - 0x00007ffaeb4e1000 	c:\Users\kkong\.vscode\extensions\redhat.java-1.53.0-win32-x64\jre\21.0.10-win32-x86_64\bin\server\jvm.dll
0x00007ffbf0e70000 - 0x00007ffbf0f21000 	C:\WINDOWS\System32\ADVAPI32.dll
0x00007ffbf10b0000 - 0x00007ffbf1158000 	C:\WINDOWS\System32\sechost.dll
0x00007ffbf0b30000 - 0x00007ffbf0b58000 	C:\WINDOWS\System32\bcrypt.dll
0x00007ffbf2ef0000 - 0x00007ffbf3008000 	C:\WINDOWS\System32\RPCRT4.dll
0x00007ffbf0fc0000 - 0x00007ffbf1031000 	C:\WINDOWS\System32\WS2_32.dll
0x00007ffbecc10000 - 0x00007ffbecc1a000 	C:\WINDOWS\SYSTEM32\VERSION.dll
0x00007ffbdbc90000 - 0x00007ffbdbcc4000 	C:\WINDOWS\SYSTEM32\WINMM.dll
0x00007ffbef0f0000 - 0x00007ffbef13d000 	C:\WINDOWS\SYSTEM32\POWRPROF.dll
0x00007ffbef0d0000 - 0x00007ffbef0e3000 	C:\WINDOWS\SYSTEM32\UMPDC.dll
0x00007ffbef370000 - 0x00007ffbef388000 	C:\WINDOWS\SYSTEM32\kernel.appcore.dll
0x00007ffbd9960000 - 0x00007ffbd996a000 	c:\Users\kkong\.vscode\extensions\redhat.java-1.53.0-win32-x64\jre\21.0.10-win32-x86_64\bin\jimage.dll
0x00007ffbdb1a0000 - 0x00007ffbdb3d3000 	C:\WINDOWS\SYSTEM32\DBGHELP.DLL
0x00007ffbf2b50000 - 0x00007ffbf2ee1000 	C:\WINDOWS\System32\combase.dll
0x00007ffbf1320000 - 0x00007ffbf13f8000 	C:\WINDOWS\System32\OLEAUT32.dll
0x00007ffbd7940000 - 0x00007ffbd7972000 	C:\WINDOWS\SYSTEM32\dbgcore.DLL
0x00007ffbf02e0000 - 0x00007ffbf035b000 	C:\WINDOWS\System32\bcryptPrimitives.dll
0x00007ffbd9640000 - 0x00007ffbd964f000 	c:\Users\kkong\.vscode\extensions\redhat.java-1.53.0-win32-x64\jre\21.0.10-win32-x86_64\bin\instrument.dll
0x00007ffbc4500000 - 0x00007ffbc4520000 	c:\Users\kkong\.vscode\extensions\redhat.java-1.53.0-win32-x64\jre\21.0.10-win32-x86_64\bin\java.dll
0x00007ffbf1e40000 - 0x00007ffbf26dc000 	C:\WINDOWS\System32\SHELL32.dll
0x00007ffbf0570000 - 0x00007ffbf06af000 	C:\WINDOWS\System32\wintypes.dll
0x00007ffbee1a0000 - 0x00007ffbeeaba000 	C:\WINDOWS\SYSTEM32\windows.storage.dll
0x00007ffbf17e0000 - 0x00007ffbf18e4000 	C:\WINDOWS\System32\SHCORE.dll
0x00007ffbf2a90000 - 0x00007ffbf2af9000 	C:\WINDOWS\System32\shlwapi.dll
0x00007ffbf0210000 - 0x00007ffbf0235000 	C:\WINDOWS\SYSTEM32\profapi.dll
0x00007ffbc4480000 - 0x00007ffbc4498000 	c:\Users\kkong\.vscode\extensions\redhat.java-1.53.0-win32-x64\jre\21.0.10-win32-x86_64\bin\zip.dll
0x00007ffbd9190000 - 0x00007ffbd91a0000 	C:\Users\kkong\.vscode\extensions\redhat.java-1.53.0-win32-x64\jre\21.0.10-win32-x86_64\bin\net.dll
0x00007ffbec190000 - 0x00007ffbec2bc000 	C:\WINDOWS\SYSTEM32\WINHTTP.dll
0x00007ffbef830000 - 0x00007ffbef899000 	C:\WINDOWS\system32\mswsock.dll
0x00007ffbbdea0000 - 0x00007ffbbdeb6000 	C:\Users\kkong\.vscode\extensions\redhat.java-1.53.0-win32-x64\jre\21.0.10-win32-x86_64\bin\nio.dll
0x00007ffbd81c0000 - 0x00007ffbd81d0000 	c:\Users\kkong\.vscode\extensions\redhat.java-1.53.0-win32-x64\jre\21.0.10-win32-x86_64\bin\verify.dll
0x00007ffb4a060000 - 0x00007ffb4a0a5000 	C:\Users\kkong\AppData\Roaming\Code\User\globalStorage\redhat.java\1.53.0\config_win\org.eclipse.equinox.launcher\org.eclipse.equinox.launcher.win32.win32.x86_64_1.3.0.v20260203-2149\eclipse_11919.dll
0x00007ffbf28e0000 - 0x00007ffbf2a81000 	C:\WINDOWS\System32\ole32.dll
0x00007ffbefa50000 - 0x00007ffbefa6b000 	C:\WINDOWS\SYSTEM32\CRYPTSP.dll
0x00007ffbef2d0000 - 0x00007ffbef307000 	C:\WINDOWS\system32\rsaenh.dll
0x00007ffbef8e0000 - 0x00007ffbef908000 	C:\WINDOWS\SYSTEM32\USERENV.dll
0x00007ffbefa40000 - 0x00007ffbefa4c000 	C:\WINDOWS\SYSTEM32\CRYPTBASE.dll
0x00007ffbeed90000 - 0x00007ffbeedbd000 	C:\WINDOWS\SYSTEM32\IPHLPAPI.DLL
0x00007ffbf1410000 - 0x00007ffbf1419000 	C:\WINDOWS\System32\NSI.dll
0x00007ffbad870000 - 0x00007ffbad8b9000 	C:\Users\kkong\AppData\Local\Temp\jna--1446563175\jna6892694693527618101.dll
0x00007ffbf1400000 - 0x00007ffbf1408000 	C:\WINDOWS\System32\PSAPI.DLL
0x00007ffbeb050000 - 0x00007ffbeb069000 	C:\WINDOWS\SYSTEM32\dhcpcsvc6.DLL
0x00007ffbeaf80000 - 0x00007ffbeaf9f000 	C:\WINDOWS\SYSTEM32\dhcpcsvc.DLL
0x00007ffbef480000 - 0x00007ffbef4b4000 	C:\WINDOWS\SYSTEM32\ntmarta.dll

JVMTI agents:
c:\Users\kkong\.vscode\extensions\redhat.java-1.53.0-win32-x64\lombok\lombok-1.18.39-4050.jar path:c:\Users\kkong\.vscode\extensions\redhat.java-1.53.0-win32-x64\jre\21.0.10-win32-x86_64\bin\instrument.dll, loaded, initialized, instrumentlib options:none

dbghelp: loaded successfully - version: 4.0.5 - missing functions: none
symbol engine: initialized successfully - sym options: 0x614 - pdb path: .;c:\Users\kkong\.vscode\extensions\redhat.java-1.53.0-win32-x64\jre\21.0.10-win32-x86_64\bin;C:\WINDOWS\SYSTEM32;C:\WINDOWS\WinSxS\amd64_microsoft.windows.common-controls_6595b64144ccf1df_6.0.22621.6060_none_2712eda17382d24b;c:\Users\kkong\.vscode\extensions\redhat.java-1.53.0-win32-x64\jre\21.0.10-win32-x86_64\bin\server;C:\Users\kkong\AppData\Roaming\Code\User\globalStorage\redhat.java\1.53.0\config_win\org.eclipse.equinox.launcher\org.eclipse.equinox.launcher.win32.win32.x86_64_1.3.0.v20260203-2149;C:\Users\kkong\AppData\Local\Temp\jna--1446563175

VM Arguments:
jvm_args: --add-modules=ALL-SYSTEM --add-opens=java.base/java.util=ALL-UNNAMED --add-opens=java.base/java.lang=ALL-UNNAMED --add-opens=java.base/sun.nio.fs=ALL-UNNAMED -Declipse.application=org.eclipse.jdt.ls.core.id1 -Dosgi.bundles.defaultStartLevel=4 -Declipse.product=org.eclipse.jdt.ls.core.product -Djava.import.generatesMetadataFilesAtProjectRoot=false -DDetectVMInstallationsJob.disabled=true -Dfile.encoding=utf8 -XX:+UseParallelGC -XX:GCTimeRatio=4 -XX:AdaptiveSizePolicyWeight=90 -Dsun.zip.disableMemoryMapping=true -Xmx2G -Xms100m -Xlog:disable -javaagent:c:\Users\kkong\.vscode\extensions\redhat.java-1.53.0-win32-x64\lombok\lombok-1.18.39-4050.jar -XX:+HeapDumpOnOutOfMemoryError -XX:HeapDumpPath=c:\Users\kkong\AppData\Roaming\Code\User\workspaceStorage\1e71e3c7531550fc584c38001fd72c97\redhat.java -Daether.dependencyCollector.impl=bf 
java_command: c:\Users\kkong\.vscode\extensions\redhat.java-1.53.0-win32-x64\server\plugins\org.eclipse.equinox.launcher_1.7.100.v20251111-0406.jar -configuration c:\Users\kkong\AppData\Roaming\Code\User\globalStorage\redhat.java\1.53.0\config_win -data c:\Users\kkong\AppData\Roaming\Code\User\workspaceStorage\1e71e3c7531550fc584c38001fd72c97\redhat.java\jdt_ws --pipe=\\.\pipe\lsp-5a219b39c4da317d1bb93cd427d6ab92-sock
java_class_path (initial): c:\Users\kkong\.vscode\extensions\redhat.java-1.53.0-win32-x64\server\plugins\org.eclipse.equinox.launcher_1.7.100.v20251111-0406.jar
Launcher Type: SUN_STANDARD

[Global flags]
    uintx AdaptiveSizePolicyWeight                 = 90                                        {product} {command line}
     intx CICompilerCount                          = 4                                         {product} {ergonomic}
    uintx GCTimeRatio                              = 4                                         {product} {command line}
     bool HeapDumpOnOutOfMemoryError               = true                                   {manageable} {command line}
    ccstr HeapDumpPath                             = c:\Users\kkong\AppData\Roaming\Code\User\workspaceStorage\1e71e3c7531550fc584c38001fd72c97\redhat.java         {manageable} {command line}
   size_t InitialHeapSize                          = 104857600                                 {product} {command line}
   size_t MaxHeapSize                              = 2147483648                                {product} {command line}
   size_t MaxNewSize                               = 715653120                                 {product} {ergonomic}
   size_t MinHeapDeltaBytes                        = 524288                                    {product} {ergonomic}
   size_t MinHeapSize                              = 104857600                                 {product} {command line}
   size_t NewSize                                  = 34603008                                  {product} {ergonomic}
    uintx NonNMethodCodeHeapSize                   = 5839372                                {pd product} {ergonomic}
    uintx NonProfiledCodeHeapSize                  = 122909434                              {pd product} {ergonomic}
   size_t OldSize                                  = 70254592                                  {product} {ergonomic}
    uintx ProfiledCodeHeapSize                     = 122909434                              {pd product} {ergonomic}
    uintx ReservedCodeCacheSize                    = 251658240                              {pd product} {ergonomic}
     bool SegmentedCodeCache                       = true                                      {product} {ergonomic}
   size_t SoftMaxHeapSize                          = 2147483648                             {manageable} {ergonomic}
     bool UseCompressedOops                        = true                           {product lp64_product} {ergonomic}
     bool UseLargePagesIndividualAllocation        = false                                  {pd product} {ergonomic}
     bool UseParallelGC                            = true                                      {product} {command line}

Logging:
Log output configuration:
 #0: stdout all=off uptime,level,tags foldmultilines=false
 #1: stderr all=off uptime,level,tags foldmultilines=false

Release file:
JAVA_VERSION="21.0.10" 
MODULES="java.base java.compiler java.datatransfer java.xml java.prefs java.desktop java.instrument java.logging java.management java.security.sasl java.naming java.rmi java.management.rmi java.net.http java.scripting java.security.jgss java.transaction.xa java.sql java.sql.rowset java.xml.crypto java.se java.smartcardio jdk.accessibility jdk.internal.jvmstat jdk.attach jdk.charsets jdk.internal.opt jdk.zipfs jdk.compiler jdk.crypto.ec jdk.crypto.cryptoki jdk.crypto.mscapi jdk.dynalink jdk.internal.ed jdk.editpad jdk.hotspot.agent jdk.httpserver jdk.internal.le jdk.internal.vm.ci jdk.internal.vm.compiler jdk.internal.vm.compiler.management jdk.jartool jdk.javadoc jdk.jcmd jdk.management jdk.management.agent jdk.jconsole jdk.jdeps jdk.jdwp.agent jdk.jdi jdk.jfr jdk.jshell jdk.jsobject jdk.jstatd jdk.localedata jdk.management.jfr jdk.naming.dns jdk.naming.rmi jdk.net jdk.nio.mapmode jdk.random jdk.sctp jdk.security.auth jdk.security.jgss jdk.unsupported jdk.unsupported.desktop jdk.xml.dom" 

Environment Variables:
JAVA_HOME=C:\Users\kkong\AppData\Local\Programs\Eclipse Adoptium\jdk-21.0.9.10-hotspot\
PATH=C:\Users\kkong\AppData\Local\Programs\Microsoft VS Code;C:\Program Files\Common Files\Oracle\Java\javapath;C:\Windows\system32;C:\Windows;C:\Windows\System32\Wbem;C:\Windows\System32\WindowsPowerShell\v1.0\;C:\Windows\System32\OpenSSH\;C:\Program Files (x86)\NVIDIA Corporation\PhysX\Common;C:\Program Files\NVIDIA Corporation\NVIDIA NvDLISR;C:\WINDOWS\system32;C:\WINDOWS;C:\WINDOWS\System32\Wbem;C:\WINDOWS\System32\WindowsPowerShell\v1.0\;C:\WINDOWS\System32\OpenSSH\;C:\ProgramData\chocolatey\bin;C:\Program Files (x86)\Vim\vim90;C:\PHP v8.3;C:\msys64\mingw64\bin;C:\Program Files\nodejs\;C:\Program Files\dotnet\;C:\Program Files\apache-maven-3.9.12\bin;C:\Program Files\Git\cmd;C:\Users\kkong\AppData\Local\Programs\Eclipse Adoptium\jdk-21.0.9.10-hotspot\bin;C:\Users\kkong\AppData\Local\Programs\Eclipse Adoptium\jdk-8.0.472.8-hotspot\bin;C:\Users\kkong\AppData\Local\Programs\Eclipse Adoptium\jdk-25.0.1.8-hotspot\bin;C:\Users\kkong\AppData\Local\Programs\Python\Python312\Scripts\;C:\Users\kkong\AppData\Local\Programs\Python\Python312\;C:\Users\kkong\AppData\Local\Programs\Python\Launcher\;C:\Ruby31-x64\bin;C:\Users\kkong\AppData\Local\Microsoft\WindowsApps;C:\Users\kkong\AppData\Local\Programs\Microsoft VS Code\bin;C:\Ruby31-x64\msys64\mingw64\bin;C:\TDM-GCC-64\bin;C:\Users\kkong\AppData\Roaming\npm
USERNAME=K.Chaosok
OS=Windows_NT
PROCESSOR_IDENTIFIER=Intel64 Family 6 Model 165 Stepping 2, GenuineIntel
TMP=C:\Users\kkong\AppData\Local\Temp
TEMP=C:\Users\kkong\AppData\Local\Temp




Periodic native trim disabled

---------------  S Y S T E M  ---------------

OS:
 Windows 11 , 64 bit Build 22621 (10.0.22621.5415)
OS uptime: 4 days 13:04 hours
Hyper-V role detected

CPU: total 12 (initial active 12) (6 cores per cpu, 2 threads per core) family 6 model 165 stepping 2 microcode 0xe2, cx8, cmov, fxsr, ht, mmx, 3dnowpref, sse, sse2, sse3, ssse3, sse4.1, sse4.2, popcnt, lzcnt, tsc, tscinvbit, avx, avx2, aes, erms, clmul, bmi1, bmi2, adx, fma, vzeroupper, clflush, clflushopt, hv, rdtscp, f16c
Processor Information for the first 12 processors :
  Max Mhz: 2592, Current Mhz: 2592, Mhz Limit: 2592

Memory: 4k page, system-wide physical 8013M (156M free)
TotalPageFile size 23013M (AvailPageFile size 101M)
current process WorkingSet (physical memory assigned to process): 6M, peak: 1370M
current process commit charge ("private bytes"): 1043M, peak: 1765M

vm_info: OpenJDK 64-Bit Server VM (21.0.10+7-LTS) for windows-amd64 JRE (21.0.10+7-LTS), built on 2026-01-20T00:00:00Z by "admin" with MS VC++ 17.12 (VS2022)

END.
